\BOOKMARK [1][-]{section.1}{\376\377\000G\000i\036\333\000i\000\040\000t\000h\000i\036\307\000u\000\040\000\050\000I\000n\000t\000r\000o\000d\000u\000c\000t\000i\000o\000n\000\051}{}% 1
\BOOKMARK [2][-]{subsection.1.1}{\376\377\000M\036\345\000c\000\040\001\021\000\355\000c\000h\000\040\000\050\000P\000u\000r\000p\000o\000s\000e\000\051}{section.1}% 2
\BOOKMARK [2][-]{subsection.1.2}{\376\377\000P\000h\036\241\000m\000\040\000v\000i\000\040\000\050\000S\000c\000o\000p\000e\000\051}{section.1}% 3
\BOOKMARK [2][-]{subsection.1.3}{\376\377\001\020\036\313\000n\000h\000\040\000n\000g\000h\001\051\000a\000\040\000v\000\340\000\040\000V\000i\036\277\000t\000\040\000t\036\257\000t\000\040\000\050\000D\000e\000f\000i\000n\000i\000t\000i\000o\000n\000s\000\040\000a\000n\000d\000\040\000A\000b\000b\000r\000e\000v\000i\000a\000t\000i\000o\000n\000s\000\051}{section.1}% 4
\BOOKMARK [1][-]{section.2}{\376\377\000M\000\364\000\040\000t\036\243\000\040\000t\036\325\000n\000g\000\040\000q\000u\000a\000n\000\040\000\050\000O\000v\000e\000r\000a\000l\000l\000\040\000D\000e\000s\000c\000r\000i\000p\000t\000i\000o\000n\000\051}{}% 5
\BOOKMARK [2][-]{subsection.2.1}{\376\377\000V\000i\036\305\000n\000\040\000c\036\243\000n\000h\000\040\000s\036\243\000n\000\040\000p\000h\036\251\000m\000\040\000\050\000P\000r\000o\000d\000u\000c\000t\000\040\000P\000e\000r\000s\000p\000e\000c\000t\000i\000v\000e\000\051}{section.2}% 6
\BOOKMARK [2][-]{subsection.2.2}{\376\377\000T\000\355\000n\000h\000\040\000n\001\003\000n\000g\000\040\000s\036\243\000n\000\040\000p\000h\036\251\000m\000\040\000\050\000P\000r\000o\000d\000u\000c\000t\000\040\000F\000u\000n\000c\000t\000i\000o\000n\000s\000\051}{section.2}% 7
\BOOKMARK [2][-]{subsection.2.3}{\376\377\001\020\036\267\000c\000\040\001\021\000i\036\303\000m\000\040\000n\000g\001\260\036\335\000i\000\040\000d\000\371\000n\000g\000\040\000\050\000U\000s\000e\000r\000\040\000C\000h\000a\000r\000a\000c\000t\000e\000r\000i\000s\000t\000i\000c\000s\000\051}{section.2}% 8
\BOOKMARK [1][-]{section.3}{\376\377\000C\000\341\000c\000\040\000t\000\355\000n\000h\000\040\000n\001\003\000n\000g\000\040\000h\036\307\000\040\000t\000h\036\321\000n\000g\000\040\000\050\000S\000y\000s\000t\000e\000m\000\040\000F\000e\000a\000t\000u\000r\000e\000s\000\051}{}% 9
\BOOKMARK [2][-]{subsection.3.1}{\376\377\000C\000o\000r\000e\000\040\000P\000l\000a\000y\000b\000a\000c\000k\000\040\000L\000o\000g\000i\000c}{section.3}% 10
\BOOKMARK [3][-]{subsubsection.3.1.1}{\376\377\000D\000e\000s\000c\000r\000i\000p\000t\000i\000o\000n}{subsection.3.1}% 11
\BOOKMARK [3][-]{subsubsection.3.1.2}{\376\377\000F\000u\000n\000c\000t\000i\000o\000n\000a\000l\000\040\000R\000e\000q\000u\000i\000r\000e\000m\000e\000n\000t\000s}{subsection.3.1}% 12
\BOOKMARK [2][-]{subsection.3.2}{\376\377\000H\000a\000r\000d\000w\000a\000r\000e\000\040\000C\000o\000m\000m\000u\000n\000i\000c\000a\000t\000i\000o\000n\000\040\000\050\000S\000e\000r\000i\000a\000l\000\040\000M\000a\000n\000a\000g\000e\000r\000\051}{section.3}% 13
\BOOKMARK [3][-]{subsubsection.3.2.1}{\376\377\000D\000e\000s\000c\000r\000i\000p\000t\000i\000o\000n}{subsection.3.2}% 14
\BOOKMARK [3][-]{subsubsection.3.2.2}{\376\377\000F\000u\000n\000c\000t\000i\000o\000n\000a\000l\000\040\000R\000e\000q\000u\000i\000r\000e\000m\000e\000n\000t\000s}{subsection.3.2}% 15
\BOOKMARK [2][-]{subsection.3.3}{\376\377\000L\000i\000b\000r\000a\000r\000y\000\040\000\046\000\040\000S\000t\000o\000r\000a\000g\000e\000\040\000M\000a\000n\000a\000g\000e\000m\000e\000n\000t}{section.3}% 16
\BOOKMARK [3][-]{subsubsection.3.3.1}{\376\377\000D\000e\000s\000c\000r\000i\000p\000t\000i\000o\000n}{subsection.3.3}% 17
\BOOKMARK [3][-]{subsubsection.3.3.2}{\376\377\000F\000u\000n\000c\000t\000i\000o\000n\000a\000l\000\040\000R\000e\000q\000u\000i\000r\000e\000m\000e\000n\000t\000s}{subsection.3.3}% 18
\BOOKMARK [1][-]{section.4}{\376\377\001\020\036\267\000c\000\040\000t\036\243\000\040\000U\000s\000e\000\040\000C\000a\000s\000e\000\040\000\050\000U\000s\000e\000\040\000C\000a\000s\000e\000\040\000S\000p\000e\000c\000i\000f\000i\000c\000a\000t\000i\000o\000n\000\051}{}% 19
\BOOKMARK [2][-]{subsection.4.1}{\376\377\000U\000C\0001\000:\000\040\000P\000l\000a\000y\000/\000P\000a\000u\000s\000e\000\040\000M\000u\000s\000i\000c}{section.4}% 20
\BOOKMARK [2][-]{subsection.4.2}{\376\377\000U\000C\0002\000:\000\040\000L\000o\000a\000d\000\040\000T\000r\000a\000c\000k}{section.4}% 21
\BOOKMARK [2][-]{subsection.4.3}{\376\377\000U\000C\0003\000:\000\040\000A\000d\000j\000u\000s\000t\000\040\000V\000o\000l\000u\000m\000e\000\040\000\050\000U\000I\000\051}{section.4}% 22
\BOOKMARK [2][-]{subsection.4.4}{\376\377\000U\000C\0004\000:\000\040\000A\000d\000j\000u\000s\000t\000\040\000V\000o\000l\000u\000m\000e\000\040\000\050\000B\000o\000a\000r\000d\000\051}{section.4}% 23
\BOOKMARK [2][-]{subsection.4.5}{\376\377\000U\000C\0005\000:\000\040\000C\000o\000n\000t\000r\000o\000l\000\040\000P\000l\000a\000y\000b\000a\000c\000k\000\040\000\050\000B\000o\000a\000r\000d\000\051}{section.4}% 24
\BOOKMARK [2][-]{subsection.4.6}{\376\377\000U\000C\0006\000:\000\040\000S\000h\000u\000f\000f\000l\000e\000/\000R\000e\000p\000e\000a\000t}{section.4}% 25
\BOOKMARK [2][-]{subsection.4.7}{\376\377\000U\000C\0007\000:\000\040\000M\000a\000n\000a\000g\000e\000\040\000P\000l\000a\000y\000l\000i\000s\000t}{section.4}% 26
\BOOKMARK [2][-]{subsection.4.8}{\376\377\000U\000C\0008\000:\000\040\000L\000o\000a\000d\000\040\000f\000r\000o\000m\000\040\000U\000S\000B}{section.4}% 27
\BOOKMARK [2][-]{subsection.4.9}{\376\377\000U\000C\0009\000:\000\040\000C\000o\000n\000n\000e\000c\000t\000\040\000S\000e\000r\000i\000a\000l\000\040\000P\000o\000r\000t}{section.4}% 28
\BOOKMARK [1][-]{section.5}{\376\377\000Y\000\352\000u\000\040\000c\036\247\000u\000\040\000p\000h\000i\000\040\000c\000h\036\351\000c\000\040\000n\001\003\000n\000g\000\040\000\050\000N\000o\000n\000-\000f\000u\000n\000c\000t\000i\000o\000n\000a\000l\000\040\000R\000e\000q\000u\000i\000r\000e\000m\000e\000n\000t\000s\000\051}{}% 29
\BOOKMARK [2][-]{subsection.5.1}{\376\377\000P\000e\000r\000f\000o\000r\000m\000a\000n\000c\000e}{section.5}% 30
\BOOKMARK [2][-]{subsection.5.2}{\376\377\000R\000e\000l\000i\000a\000b\000i\000l\000i\000t\000y}{section.5}% 31
\BOOKMARK [2][-]{subsection.5.3}{\376\377\000P\000o\000r\000t\000a\000b\000i\000l\000i\000t\000y}{section.5}% 32
